// Jest Snapshot v1, https://goo.gl/fbAQLP

exports[`Generics: should compile class with type params 1`] = `
"[helper: breadcrumbs]

# Class: ClassWithTypeParams\\<T, V\\>

[partial: comment]

## Type parameters

| Name |
| :------ |
| \`T\` |
| \`V\` |

[helper: toc]

[partial: members]
"
`;

exports[`Generics: should compile function with a simple type param' 1`] = `
"▸ **functionWithTypeParam**\\<\`A\`\\>(): \`boolean\`

##### Type parameters

| Name |
| :------ |
| \`A\` |

##### Returns

\`boolean\`
"
`;

exports[`Generics: should compile generics with defaults' 1`] = `
"▸ **genericsWithDefaults**: \`void\`

[partial: comment]

#### Type parameters

| Name | Type |
| :------ | :------ |
| \`Type\` | extends \`boolean\` = \`boolean\` |

[partial: member.sources]
"
`;
