// Jest Snapshot v1, https://goo.gl/fbAQLP

exports[`Options: should merge custom sidebar options 1`] = `
{
  "autoConfiguration": true,
  "categoryLabel": "API",
  "collapsed": true,
  "fullNames": true,
  "indexLabel": "Custom index",
  "position": null,
  "readmeLabel": "Custom readme",
}
`;

exports[`Options: should merge plugins 1`] = `
[
  "typedoc-plugin-markdown",
  "plugin-xyz",
]
`;

exports[`Options: should return default options 1`] = `
{
  "cleanOutputDir": true,
  "docsRoot": "docs",
  "entryDocument": "index.md",
  "entryPoints": [
    "entrypoint.ts",
  ],
  "frontmatter": undefined,
  "hideBreadcrumbs": true,
  "hideInPageTOC": true,
  "hideMembersSymbol": false,
  "hidePageTitle": true,
  "id": "default",
  "includeExtension": true,
  "indexSlug": undefined,
  "out": "api",
  "plugin": [
    "typedoc-plugin-markdown",
  ],
  "sidebar": {
    "autoConfiguration": true,
    "categoryLabel": "API",
    "collapsed": true,
    "fullNames": false,
    "indexLabel": undefined,
    "position": null,
    "readmeLabel": "Readme",
  },
  "theme": "docusaurus",
  "watch": false,
}
`;
